// Jest Snapshot v1, https://goo.gl/fbAQLP

exports[`vConfirm Not a link 1`] = `
<div class="leaving_confirm">
  <div class="brokenLink">
    <h1 class="title">
      Broken link
    </h1>
    <p class="content">
      Seems like this link is broken. ðŸ˜¥
    </p>
    <button class="n-button n-button--default-type n-button--medium-type"
            tabindex="0"
            type="button"
            style="--n-bezier: cubic-bezier(.4, 0, .2, 1); --n-bezier-ease-out: cubic-bezier(0, 0, .2, 1); --n-ripple-duration: .6s; --n-opacity-disabled: 0.5; --n-wave-opacity: 0.6; font-weight: 400; --n-color: #0000; --n-color-hover: #0000; --n-color-pressed: #0000; --n-color-focus: #0000; --n-color-disabled: #0000; --n-ripple-color: #18a058; --n-text-color: rgb(51, 54, 57); --n-text-color-hover: #36ad6a; --n-text-color-pressed: #0c7a43; --n-text-color-focus: #36ad6a; --n-text-color-disabled: rgb(51, 54, 57); --n-border: 1px solid rgb(224, 224, 230); --n-border-hover: 1px solid #36ad6a; --n-border-pressed: 1px solid #0c7a43; --n-border-focus: 1px solid #36ad6a; --n-border-disabled: 1px solid rgb(224, 224, 230); --n-width: initial; --n-height: 34px; --n-font-size: 14px; --n-padding: 0 14px; --n-icon-size: 18px; --n-icon-margin: 6px; --n-border-radius: 3px;"
    >
      <transition-stub>
      </transition-stub>
      <span class="n-button__content">
        Back to GlobeTrotte
      </span>
      <div aria-hidden="true"
           class="n-base-wave"
      >
      </div>
      <div aria-hidden="true"
           class="n-button__border"
      >
      </div>
      <div aria-hidden="true"
           class="n-button__state-border"
      >
      </div>
    </button>
  </div>
</div>
`;

exports[`vConfirm Working external link 1`] = `
<div class="leaving_confirm">
  <div class="nonBrokenLink">
    <h1 class="title">
      You are leaving GlobeTrotte...
    </h1>
    <p class="content">
      Make sure you want to proceed to
      <a class="externalURL"
         href="https://youtu.be/dQw4w9WgXcQ"
      >
        https://youtu.be/dQw4w9WgXcQ
      </a>
    </p>
    <a class="n-button n-button--primary-type n-button--medium-type proceedButton"
       tabindex="0"
       type="button"
       style="--n-bezier: cubic-bezier(.4, 0, .2, 1); --n-bezier-ease-out: cubic-bezier(0, 0, .2, 1); --n-ripple-duration: .6s; --n-opacity-disabled: 0.5; --n-wave-opacity: 0.6; font-weight: 400; --n-color: #18a058; --n-color-hover: #36ad6a; --n-color-pressed: #0c7a43; --n-color-focus: #36ad6a; --n-color-disabled: #18a058; --n-ripple-color: #18a058; --n-text-color: #FFF; --n-text-color-hover: #FFF; --n-text-color-pressed: #FFF; --n-text-color-focus: #FFF; --n-text-color-disabled: #FFF; --n-border: 1px solid #18a058; --n-border-hover: 1px solid #36ad6a; --n-border-pressed: 1px solid #0c7a43; --n-border-focus: 1px solid #36ad6a; --n-border-disabled: 1px solid #18a058; --n-width: initial; --n-height: 34px; --n-font-size: 14px; --n-padding: 0 14px; --n-icon-size: 18px; --n-icon-margin: 6px; --n-border-radius: 3px;"
       disabled="false"
       href="https://youtu.be/dQw4w9WgXcQ"
    >
      <transition-stub>
      </transition-stub>
      <span class="n-button__content">
        Proceed
      </span>
      <div aria-hidden="true"
           class="n-base-wave"
      >
      </div>
      <div aria-hidden="true"
           class="n-button__border"
      >
      </div>
      <div aria-hidden="true"
           class="n-button__state-border"
      >
      </div>
    </a>
    <button class="n-button n-button--default-type n-button--medium-type"
            tabindex="0"
            type="button"
            style="--n-bezier: cubic-bezier(.4, 0, .2, 1); --n-bezier-ease-out: cubic-bezier(0, 0, .2, 1); --n-ripple-duration: .6s; --n-opacity-disabled: 0.5; --n-wave-opacity: 0.6; font-weight: 400; --n-color: #0000; --n-color-hover: #0000; --n-color-pressed: #0000; --n-color-focus: #0000; --n-color-disabled: #0000; --n-ripple-color: #18a058; --n-text-color: rgb(51, 54, 57); --n-text-color-hover: #36ad6a; --n-text-color-pressed: #0c7a43; --n-text-color-focus: #36ad6a; --n-text-color-disabled: rgb(51, 54, 57); --n-border: 1px solid rgb(224, 224, 230); --n-border-hover: 1px solid #36ad6a; --n-border-pressed: 1px solid #0c7a43; --n-border-focus: 1px solid #36ad6a; --n-border-disabled: 1px solid rgb(224, 224, 230); --n-width: initial; --n-height: 34px; --n-font-size: 14px; --n-padding: 0 14px; --n-icon-size: 18px; --n-icon-margin: 6px; --n-border-radius: 3px;"
    >
      <transition-stub>
      </transition-stub>
      <span class="n-button__content">
        Back to GlobeTrotte
      </span>
      <div aria-hidden="true"
           class="n-base-wave"
      >
      </div>
      <div aria-hidden="true"
           class="n-button__border"
      >
      </div>
      <div aria-hidden="true"
           class="n-button__state-border"
      >
      </div>
    </button>
  </div>
</div>
`;

exports[`vConfirm Working internal link 1`] = `
<div class="leaving_confirm">
  <div class="nonBrokenLink">
    <h1 class="title">
      You are leaving GlobeTrotte...
    </h1>
    <p class="content">
      Make sure you want to proceed to
      <a class="externalURL"
         href="https://globetrotte.com/trip/search"
      >
        https://globetrotte.com/trip/search
      </a>
    </p>
    <a class="n-button n-button--primary-type n-button--medium-type proceedButton"
       tabindex="0"
       type="button"
       style="--n-bezier: cubic-bezier(.4, 0, .2, 1); --n-bezier-ease-out: cubic-bezier(0, 0, .2, 1); --n-ripple-duration: .6s; --n-opacity-disabled: 0.5; --n-wave-opacity: 0.6; font-weight: 400; --n-color: #18a058; --n-color-hover: #36ad6a; --n-color-pressed: #0c7a43; --n-color-focus: #36ad6a; --n-color-disabled: #18a058; --n-ripple-color: #18a058; --n-text-color: #FFF; --n-text-color-hover: #FFF; --n-text-color-pressed: #FFF; --n-text-color-focus: #FFF; --n-text-color-disabled: #FFF; --n-border: 1px solid #18a058; --n-border-hover: 1px solid #36ad6a; --n-border-pressed: 1px solid #0c7a43; --n-border-focus: 1px solid #36ad6a; --n-border-disabled: 1px solid #18a058; --n-width: initial; --n-height: 34px; --n-font-size: 14px; --n-padding: 0 14px; --n-icon-size: 18px; --n-icon-margin: 6px; --n-border-radius: 3px;"
       disabled="false"
       href="https://globetrotte.com/trip/search"
    >
      <transition-stub>
      </transition-stub>
      <span class="n-button__content">
        Proceed
      </span>
      <div aria-hidden="true"
           class="n-base-wave"
      >
      </div>
      <div aria-hidden="true"
           class="n-button__border"
      >
      </div>
      <div aria-hidden="true"
           class="n-button__state-border"
      >
      </div>
    </a>
    <button class="n-button n-button--default-type n-button--medium-type"
            tabindex="0"
            type="button"
            style="--n-bezier: cubic-bezier(.4, 0, .2, 1); --n-bezier-ease-out: cubic-bezier(0, 0, .2, 1); --n-ripple-duration: .6s; --n-opacity-disabled: 0.5; --n-wave-opacity: 0.6; font-weight: 400; --n-color: #0000; --n-color-hover: #0000; --n-color-pressed: #0000; --n-color-focus: #0000; --n-color-disabled: #0000; --n-ripple-color: #18a058; --n-text-color: rgb(51, 54, 57); --n-text-color-hover: #36ad6a; --n-text-color-pressed: #0c7a43; --n-text-color-focus: #36ad6a; --n-text-color-disabled: rgb(51, 54, 57); --n-border: 1px solid rgb(224, 224, 230); --n-border-hover: 1px solid #36ad6a; --n-border-pressed: 1px solid #0c7a43; --n-border-focus: 1px solid #36ad6a; --n-border-disabled: 1px solid rgb(224, 224, 230); --n-width: initial; --n-height: 34px; --n-font-size: 14px; --n-padding: 0 14px; --n-icon-size: 18px; --n-icon-margin: 6px; --n-border-radius: 3px;"
    >
      <transition-stub>
      </transition-stub>
      <span class="n-button__content">
        Back to GlobeTrotte
      </span>
      <div aria-hidden="true"
           class="n-base-wave"
      >
      </div>
      <div aria-hidden="true"
           class="n-button__border"
      >
      </div>
      <div aria-hidden="true"
           class="n-button__state-border"
      >
      </div>
    </button>
  </div>
</div>
`;
