// Vitest Snapshot v1

exports[`Landing - Load Page 1`] = `
<div class="landing"
     data-v-299ea923
>
  <h1 class="title"
      data-v-299ea923
  >
    GlobeTrotte
  </h1>
  <h3 class="subtitle"
      data-v-299ea923
  >
    Look for your next travel plan here!
  </h3>
  <br data-v-299ea923>
  <form class="tripSearchForm"
        data-v-299ea923
  >
    <div class="n-input n-input--resizable n-input--stateful tripSearchQueryInput"
         style="--n-bezier: cubic-bezier(.4, 0, .2, 1); --n-count-text-color: rgb(118, 124, 130); --n-color: rgba(255, 255, 255, 1); --n-font-size: 14px; --n-border-radius: 3px; --n-height: 34px; --n-padding-left: 12px; --n-padding-right: 12px; --n-text-color: rgb(51, 54, 57); --n-caret-color: #18a058; --n-text-decoration-color: rgb(51, 54, 57); --n-border: 1px solid rgb(224, 224, 230); --n-border-disabled: 1px solid rgb(224, 224, 230); --n-border-hover: 1px solid #36ad6a; --n-border-focus: 1px solid #36ad6a; --n-placeholder-color: rgba(194, 194, 194, 1); --n-placeholder-color-disabled: rgba(209, 209, 209, 1); --n-icon-size: 16px; --n-line-height-textarea: 1.6; --n-color-disabled: rgb(250, 250, 252); --n-color-focus: rgba(255, 255, 255, 1); --n-text-color-disabled: rgba(194, 194, 194, 1); --n-box-shadow-focus: 0 0 0 2px rgba(24, 160, 88, 0.2); --n-loading-color: #18a058; --n-caret-color-warning: #f0a020; --n-color-focus-warning: rgba(255, 255, 255, 1); --n-box-shadow-focus-warning: 0 0 0 2px rgba(240, 160, 32, 0.2); --n-border-warning: 1px solid #f0a020; --n-border-focus-warning: 1px solid #fcb040; --n-border-hover-warning: 1px solid #fcb040; --n-loading-color-warning: #f0a020; --n-caret-color-error: #d03050; --n-color-focus-error: rgba(255, 255, 255, 1); --n-box-shadow-focus-error: 0 0 0 2px rgba(208, 48, 80, 0.2); --n-border-error: 1px solid #d03050; --n-border-focus-error: 1px solid #de576d; --n-border-hover-error: 1px solid #de576d; --n-loading-color-error: #d03050; --n-clear-color: rgba(194, 194, 194, 1); --n-clear-size: 16px; --n-clear-color-hover: rgba(146, 146, 146, 1); --n-clear-color-pressed: rgba(175, 175, 175, 1); --n-icon-color: rgba(194, 194, 194, 1); --n-icon-color-hover: rgba(146, 146, 146, 1); --n-icon-color-pressed: rgba(175, 175, 175, 1); --n-icon-color-disabled: rgba(209, 209, 209, 1); --n-suffix-text-color: rgb(51, 54, 57);"
         data-v-299ea923
    >
      <div class="n-input-wrapper">
        <div class="n-input__input">
          <input type="text"
                 class="n-input__input-el"
                 style
                 placeholder="Alaska"
                 size="20"
          >
          <div class="n-input__placeholder">
            <span>
              Alaska
            </span>
          </div>
        </div>
      </div>
      <div class="n-input__border">
      </div>
      <div class="n-input__state-border">
      </div>
    </div>
    <div class="n-select tripSearchCityInput"
         data-v-299ea923
    >
      <div class="n-base-selection n-base-selection--multiple"
           style="--n-bezier: cubic-bezier(.4, 0, .2, 1); --n-border: 1px solid rgb(224, 224, 230); --n-border-active: 1px solid #18a058; --n-border-focus: 1px solid #36ad6a; --n-border-hover: 1px solid #36ad6a; --n-border-radius: 3px; --n-box-shadow-active: 0 0 0 2px rgba(24, 160, 88, 0.2); --n-box-shadow-focus: 0 0 0 2px rgba(24, 160, 88, 0.2); --n-caret-color: #18a058; --n-color: rgba(255, 255, 255, 1); --n-color-active: rgba(255, 255, 255, 1); --n-color-disabled: rgb(250, 250, 252); --n-font-size: 14px; --n-height: 34px; --n-padding-single: 0 26px 0 12px; --n-padding-multiple: 3px 26px 0 12px; --n-placeholder-color: rgba(194, 194, 194, 1); --n-placeholder-color-disabled: rgba(209, 209, 209, 1); --n-text-color: rgb(51, 54, 57); --n-text-color-disabled: rgba(194, 194, 194, 1); --n-arrow-color: rgba(194, 194, 194, 1); --n-arrow-color-disabled: rgba(209, 209, 209, 1); --n-loading-color: #18a058; --n-color-active-warning: rgba(255, 255, 255, 1); --n-box-shadow-focus-warning: 0 0 0 2px rgba(240, 160, 32, 0.2); --n-box-shadow-active-warning: 0 0 0 2px rgba(240, 160, 32, 0.2); --n-border-warning: 1px solid #f0a020; --n-border-focus-warning: 1px solid #fcb040; --n-border-hover-warning: 1px solid #fcb040; --n-border-active-warning: 1px solid #f0a020; --n-color-active-error: rgba(255, 255, 255, 1); --n-box-shadow-focus-error: 0 0 0 2px rgba(208, 48, 80, 0.2); --n-box-shadow-active-error: 0 0 0 2px rgba(208, 48, 80, 0.2); --n-border-error: 1px solid #d03050; --n-border-focus-error: 1px solid #de576d; --n-border-hover-error: 1px solid #de576d; --n-border-active-error: 1px solid #d03050; --n-clear-size: 16px; --n-clear-color: rgba(194, 194, 194, 1); --n-clear-color-hover: rgba(146, 146, 146, 1); --n-clear-color-pressed: rgba(175, 175, 175, 1); --n-arrow-size: 16px;"
      >
        <div class="n-base-selection-tags"
             tabindex="0"
        >
          <div class="n-base-selection-input-tag">
            <input tabindex="-1"
                   class="n-base-selection-input-tag__input"
            >
            <span class="n-base-selection-input-tag__mirror">
            </span>
          </div>
          <div class="n-base-loading n-base-suffix"
               role="img"
               aria-label="loading"
          >
            <transition-stub>
              <div class="n-base-loading__placeholder">
                <div class="n-base-clear">
                  <transition-stub>
                    <div class="n-base-clear__placeholder">
                      <i class="n-base-icon n-base-suffix__arrow">
                        <svg viewbox="0 0 16 16"
                             fill="none"
                             xmlns="http://www.w3.org/2000/svg"
                        >
                          <path d="M3.14645 5.64645C3.34171 5.45118 3.65829 5.45118 3.85355 5.64645L8 9.79289L12.1464 5.64645C12.3417 5.45118 12.6583 5.45118 12.8536 5.64645C13.0488 5.84171 13.0488 6.15829 12.8536 6.35355L8.35355 10.8536C8.15829 11.0488 7.84171 11.0488 7.64645 10.8536L3.14645 6.35355C2.95118 6.15829 2.95118 5.84171 3.14645 5.64645Z"
                                fill="currentColor"
                          >
                          </path>
                        </svg>
                      </i>
                    </div>
                  </transition-stub>
                </div>
              </div>
            </transition-stub>
          </div>
        </div>
        <div class="n-base-selection-placeholder n-base-selection-overlay">
          City
        </div>
        <div class="n-base-selection__border">
        </div>
        <div class="n-base-selection__state-border">
        </div>
      </div>
    </div>
    <button class="n-button n-button--default-type n-button--medium-type"
            tabindex="0"
            type="button"
            style="--n-bezier: cubic-bezier(.4, 0, .2, 1); --n-bezier-ease-out: cubic-bezier(0, 0, .2, 1); --n-ripple-duration: .6s; --n-opacity-disabled: 0.5; --n-wave-opacity: 0.6; font-weight: 400; --n-color: #0000; --n-color-hover: #0000; --n-color-pressed: #0000; --n-color-focus: #0000; --n-color-disabled: #0000; --n-ripple-color: #18a058; --n-text-color: rgb(51, 54, 57); --n-text-color-hover: #36ad6a; --n-text-color-pressed: #0c7a43; --n-text-color-focus: #36ad6a; --n-text-color-disabled: rgb(51, 54, 57); --n-border: 1px solid rgb(224, 224, 230); --n-border-hover: 1px solid #36ad6a; --n-border-pressed: 1px solid #0c7a43; --n-border-focus: 1px solid #36ad6a; --n-border-disabled: 1px solid rgb(224, 224, 230); --n-width: initial; --n-height: 34px; --n-font-size: 14px; --n-padding: 0 14px; --n-icon-size: 18px; --n-icon-margin: 6px; --n-border-radius: 3px;"
            data-v-299ea923
    >
      <transition-stub>
      </transition-stub>
      <span class="n-button__content">
        Find
      </span>
      <div aria-hidden="true"
           class="n-base-wave"
      >
      </div>
      <div aria-hidden="true"
           class="n-button__border"
      >
      </div>
      <div aria-hidden="true"
           class="n-button__state-border"
      >
      </div>
    </button>
  </form>
  <div class="homePageTripCarousel"
       data-v-299ea923
  >
  </div>
</div>
`;
