// Jest Snapshot v1, https://goo.gl/fbAQLP

exports[`My Account - Delete Account (failure) 1`] = `
<div class="my_account">
  <h1 class="title">
    My Account
  </h1>
  <a class="el-link el-link--default unconfirmedEmailLink"
     href="/unconfirmed/email"
  >
    <span class="el-link--inner">
    </span>
  </a>
  <div class="profileInfo">
    <div>
      <div class="view_user">
        <div class="userInfo narrow_content">
          <h2 class="userName">
          </h2>
          <div class="userInfoButtonGroups">
            <button class="el-button el-button--danger myAccountLogout"
                    type="button"
            >
              <span>
                Logout
              </span>
            </button>
            <button class="el-button el-button--default myAccountEdit"
                    type="button"
                    tabindex="0"
            >
              <span>
                Edit
              </span>
            </button>
          </div>
        </div>
        <div class="el-divider el-divider--horizontal viewUserDivider">
        </div>
      </div>
    </div>
  </div>
</div>
`;

exports[`My Account - Delete Account (failure) 2`] = `
<div class="my_account">
  <h1 class="title">
    My Account
  </h1>
  <a class="el-link el-link--default unconfirmedEmailLink"
     href="/unconfirmed/email"
  >
    <span class="el-link--inner">
      <transition-stub class="narrow_content accountUnconfirmedAlertBar">
        <div class="el-alert el-alert--error is-light"
             role="alert"
        >
          <i class="el-alert__icon el-icon-error is-big">
          </i>
          <div class="el-alert__content">
            <span class="el-alert__title is-bold">
              Unconfirmed
            </span>
            <p class="el-alert__description">
              Please confirm you email address to access the full site.
            </p>
          </div>
        </div>
      </transition-stub>
    </span>
  </a>
  <div class="profileInfo">
    <div class="narrow_content">
      <div class="edit_item edit_item_small">
        <span class="editLabel Label">
          Name:
        </span>
        <div class="el-input editInput">
          <input class="el-input__inner"
                 rows="1"
                 type="text"
                 autocomplete="off"
          >
        </div>
        <br>
      </div>
      <div class="edit_item edit_item_small">
        <span class="editLabel Label">
          Email:
        </span>
        <div class="el-input editInput">
          <input class="el-input__inner"
                 rows="1"
                 type="text"
                 autocomplete="off"
          >
        </div>
        <br>
      </div>
      <div class="edit_item edit_item_large">
        <span class="editLabel Label">
          Bio:
        </span>
        <div class="el-textarea editInput">
          <textarea class="el-textarea__inner"
                    rows="1"
                    autocomplete="off"
                    style="min-height: -4px;"
          >
          </textarea>
        </div>
        <br>
      </div>
      <div class="myAccountButtonGroups">
        <button class="el-button el-button--primary myAccountSave"
                type="button"
        >
          <span>
            Save
          </span>
        </button>
        <button class="el-button el-button--default myAccountCancel"
                type="button"
        >
          <span>
            Cancel
          </span>
        </button>
      </div>
      <div class="myAccountDeletion">
        <button class="el-button el-button--danger myAccountDelete"
                type="button"
        >
          <span>
            Delete Account
          </span>
        </button>
      </div>
    </div>
  </div>
</div>
`;

exports[`My Account - Delete Account (failure) 3`] = `
<div class="my_account">
  <h1 class="title">
    My Account
  </h1>
  <a class="el-link el-link--default unconfirmedEmailLink"
     href="/unconfirmed/email"
  >
    <span class="el-link--inner">
      <transition-stub class="narrow_content accountUnconfirmedAlertBar">
        <div class="el-alert el-alert--error is-light"
             role="alert"
        >
          <i class="el-alert__icon el-icon-error is-big">
          </i>
          <div class="el-alert__content">
            <span class="el-alert__title is-bold">
              Unconfirmed
            </span>
            <p class="el-alert__description">
              Please confirm you email address to access the full site.
            </p>
          </div>
        </div>
      </transition-stub>
    </span>
  </a>
  <div class="profileInfo">
    <div class="narrow_content">
      <div class="edit_item edit_item_small">
        <span class="editLabel Label">
          Name:
        </span>
        <div class="el-input editInput">
          <input class="el-input__inner"
                 rows="1"
                 type="text"
                 autocomplete="off"
          >
        </div>
        <br>
      </div>
      <div class="edit_item edit_item_small">
        <span class="editLabel Label">
          Email:
        </span>
        <div class="el-input editInput">
          <input class="el-input__inner"
                 rows="1"
                 type="text"
                 autocomplete="off"
          >
        </div>
        <br>
      </div>
      <div class="edit_item edit_item_large">
        <span class="editLabel Label">
          Bio:
        </span>
        <div class="el-textarea editInput">
          <textarea class="el-textarea__inner"
                    rows="1"
                    autocomplete="off"
                    style="min-height: -4px;"
          >
          </textarea>
        </div>
        <br>
      </div>
      <div class="myAccountButtonGroups">
        <button class="el-button el-button--primary myAccountSave"
                type="button"
        >
          <span>
            Save
          </span>
        </button>
        <button class="el-button el-button--default myAccountCancel"
                type="button"
        >
          <span>
            Cancel
          </span>
        </button>
      </div>
      <div class="myAccountDeletion">
        <button class="el-button el-button--danger myAccountDelete"
                type="button"
        >
          <span>
            Delete Account
          </span>
        </button>
      </div>
    </div>
  </div>
</div>
`;

exports[`My Account - Delete Account (success) 1`] = `
<div class="my_account">
  <h1 class="title">
    My Account
  </h1>
  <a class="el-link el-link--default unconfirmedEmailLink"
     href="/unconfirmed/email"
  >
    <span class="el-link--inner">
    </span>
  </a>
  <div class="profileInfo">
    <div>
      <div class="view_user">
        <div class="userInfo narrow_content">
          <h2 class="userName">
          </h2>
          <div class="userInfoButtonGroups">
            <button class="el-button el-button--danger myAccountLogout"
                    type="button"
            >
              <span>
                Logout
              </span>
            </button>
            <button class="el-button el-button--default myAccountEdit"
                    type="button"
                    tabindex="0"
            >
              <span>
                Edit
              </span>
            </button>
          </div>
        </div>
        <div class="el-divider el-divider--horizontal viewUserDivider">
        </div>
      </div>
    </div>
  </div>
</div>
`;

exports[`My Account - Delete Account (success) 2`] = `
<div class="my_account">
  <h1 class="title">
    My Account
  </h1>
  <a class="el-link el-link--default unconfirmedEmailLink"
     href="/unconfirmed/email"
  >
    <span class="el-link--inner">
      <transition-stub class="narrow_content accountUnconfirmedAlertBar">
        <div class="el-alert el-alert--error is-light"
             role="alert"
        >
          <i class="el-alert__icon el-icon-error is-big">
          </i>
          <div class="el-alert__content">
            <span class="el-alert__title is-bold">
              Unconfirmed
            </span>
            <p class="el-alert__description">
              Please confirm you email address to access the full site.
            </p>
          </div>
        </div>
      </transition-stub>
    </span>
  </a>
  <div class="profileInfo">
    <div class="narrow_content">
      <div class="edit_item edit_item_small">
        <span class="editLabel Label">
          Name:
        </span>
        <div class="el-input editInput">
          <input class="el-input__inner"
                 rows="1"
                 type="text"
                 autocomplete="off"
          >
        </div>
        <br>
      </div>
      <div class="edit_item edit_item_small">
        <span class="editLabel Label">
          Email:
        </span>
        <div class="el-input editInput">
          <input class="el-input__inner"
                 rows="1"
                 type="text"
                 autocomplete="off"
          >
        </div>
        <br>
      </div>
      <div class="edit_item edit_item_large">
        <span class="editLabel Label">
          Bio:
        </span>
        <div class="el-textarea editInput">
          <textarea class="el-textarea__inner"
                    rows="1"
                    autocomplete="off"
                    style="min-height: -4px;"
          >
          </textarea>
        </div>
        <br>
      </div>
      <div class="myAccountButtonGroups">
        <button class="el-button el-button--primary myAccountSave"
                type="button"
        >
          <span>
            Save
          </span>
        </button>
        <button class="el-button el-button--default myAccountCancel"
                type="button"
        >
          <span>
            Cancel
          </span>
        </button>
      </div>
      <div class="myAccountDeletion">
        <button class="el-button el-button--danger myAccountDelete"
                type="button"
        >
          <span>
            Delete Account
          </span>
        </button>
      </div>
    </div>
  </div>
</div>
`;

exports[`My Account - Delete Account (success) 3`] = `
<div class="my_account">
  <h1 class="title">
    My Account
  </h1>
  <a class="el-link el-link--default unconfirmedEmailLink"
     href="/unconfirmed/email"
  >
    <span class="el-link--inner">
      <transition-stub class="narrow_content accountUnconfirmedAlertBar">
        <div class="el-alert el-alert--error is-light"
             role="alert"
        >
          <i class="el-alert__icon el-icon-error is-big">
          </i>
          <div class="el-alert__content">
            <span class="el-alert__title is-bold">
              Unconfirmed
            </span>
            <p class="el-alert__description">
              Please confirm you email address to access the full site.
            </p>
          </div>
        </div>
      </transition-stub>
    </span>
  </a>
  <div class="profileInfo">
    <div class="narrow_content">
      <div class="edit_item edit_item_small">
        <span class="editLabel Label">
          Name:
        </span>
        <div class="el-input editInput">
          <input class="el-input__inner"
                 rows="1"
                 type="text"
                 autocomplete="off"
          >
        </div>
        <br>
      </div>
      <div class="edit_item edit_item_small">
        <span class="editLabel Label">
          Email:
        </span>
        <div class="el-input editInput">
          <input class="el-input__inner"
                 rows="1"
                 type="text"
                 autocomplete="off"
          >
        </div>
        <br>
      </div>
      <div class="edit_item edit_item_large">
        <span class="editLabel Label">
          Bio:
        </span>
        <div class="el-textarea editInput">
          <textarea class="el-textarea__inner"
                    rows="1"
                    autocomplete="off"
                    style="min-height: -4px;"
          >
          </textarea>
        </div>
        <br>
      </div>
      <div class="myAccountButtonGroups">
        <button class="el-button el-button--primary myAccountSave"
                type="button"
        >
          <span>
            Save
          </span>
        </button>
        <button class="el-button el-button--default myAccountCancel"
                type="button"
        >
          <span>
            Cancel
          </span>
        </button>
      </div>
      <div class="myAccountDeletion">
        <button class="el-button el-button--danger myAccountDelete"
                type="button"
        >
          <span>
            Delete Account
          </span>
        </button>
      </div>
    </div>
  </div>
</div>
`;

exports[`My Account - Logout 1`] = `
<div class="my_account">
  <h1 class="title">
    My Account
  </h1>
  <a class="el-link el-link--default unconfirmedEmailLink"
     href="/unconfirmed/email"
  >
    <span class="el-link--inner">
    </span>
  </a>
  <div class="profileInfo">
    <div>
      <div class="view_user">
        <div class="userInfo narrow_content">
          <h2 class="userName">
          </h2>
          <div class="userInfoButtonGroups">
            <button class="el-button el-button--danger myAccountLogout"
                    type="button"
            >
              <span>
                Logout
              </span>
            </button>
            <button class="el-button el-button--default myAccountEdit"
                    type="button"
                    tabindex="0"
            >
              <span>
                Edit
              </span>
            </button>
          </div>
        </div>
        <div class="el-divider el-divider--horizontal viewUserDivider">
        </div>
      </div>
    </div>
  </div>
</div>
`;

exports[`My Account - Logout 2`] = `
<div class="my_account">
  <h1 class="title">
    My Account
  </h1>
  <a class="el-link el-link--default unconfirmedEmailLink"
     href="/unconfirmed/email"
  >
    <span class="el-link--inner">
      <transition-stub class="narrow_content accountUnconfirmedAlertBar">
        <div class="el-alert el-alert--error is-light"
             role="alert"
        >
          <i class="el-alert__icon el-icon-error is-big">
          </i>
          <div class="el-alert__content">
            <span class="el-alert__title is-bold">
              Unconfirmed
            </span>
            <p class="el-alert__description">
              Please confirm you email address to access the full site.
            </p>
          </div>
        </div>
      </transition-stub>
    </span>
  </a>
  <div class="profileInfo">
    <div>
      <div class="view_user">
        <div class="userInfo narrow_content">
          <h2 class="userName">
            MyAccount Test User
          </h2>
          <div class="userInfoButtonGroups">
            <button class="el-button el-button--danger myAccountLogout"
                    type="button"
            >
              <span>
                Logout
              </span>
            </button>
            <button class="el-button el-button--default myAccountEdit"
                    type="button"
                    tabindex="0"
            >
              <span>
                Edit
              </span>
            </button>
          </div>
        </div>
        <div class="el-divider el-divider--horizontal viewUserDivider">
        </div>
        <div class="viewUserTrips">
          <h2>
            Trips
          </h2>
          <div class="trip_preview_card">
            <a class="tripLink"
               href="/trip/view/-1"
            >
              <div class="n-card n-card--bordered n-card--hoverable tripPreviewCard"
                   style="--n-bezier: cubic-bezier(.4, 0, .2, 1); --n-border-radius: 3px; --n-color: #fff; --n-color-modal: #fff; --n-color-popover: #fff; --n-color-target: #18a058; --n-text-color: rgb(51, 54, 57); --n-line-height: 1.6; --n-action-color: rgb(250, 250, 252); --n-title-text-color: rgb(31, 34, 37); --n-title-font-weight: 500; --n-close-color: rgba(122, 122, 122, 1); --n-close-color-hover: rgba(89, 89, 89, 1); --n-close-color-pressed: rgba(149, 149, 149, 1); --n-border-color: rgb(239, 239, 245); --n-box-shadow: 0 1px 2px -2px rgba(0, 0, 0, .08), 0 3px 6px 0 rgba(0, 0, 0, .06), 0 5px 12px 4px rgba(0, 0, 0, .04); --n-padding-top: 19px; --n-padding-bottom: 20px; --n-padding-left: 24px; --n-font-size: 14px; --n-title-font-size: 18px; --n-close-size: 18px;"
              >
                <div class="n-card__content"
                     style="padding: 0px;"
                     role="none"
                >
                  <h3 class="tripTitleName">
                  </h3>
                  <div role="separator"
                       class="n-divider n-divider--no-title"
                       style="--n-bezier: cubic-bezier(.4, 0, .2, 1); --n-color: rgb(239, 239, 245); --n-text-color: rgb(31, 34, 37); --n-font-weight: 500;"
                  >
                    <div class="n-divider__line n-divider__line--left">
                    </div>
                  </div>
                  <div class="tripPreviewInfo">
                    <p>
                      <a class="tripPreviewUserProfileLink"
                         href="/user/-1"
                         type="primary"
                      >
                      </a>
                    </p>
                    <div class="cityTags">
                    </div>
                    <p>
                      Last Updated: Mon Jan 03 2022
                    </p>
                  </div>
                  <div class="endOfCardPadding">
                  </div>
                </div>
              </div>
            </a>
          </div>
        </div>
      </div>
    </div>
  </div>
</div>
`;

exports[`My Account - Save Edit (failure) 1`] = `
<div class="my_account">
  <h1 class="title">
    My Account
  </h1>
  <a class="el-link el-link--default unconfirmedEmailLink"
     href="/unconfirmed/email"
  >
    <span class="el-link--inner">
    </span>
  </a>
  <div class="profileInfo">
    <div>
      <div class="view_user">
        <div class="userInfo narrow_content">
          <h2 class="userName">
          </h2>
          <div class="userInfoButtonGroups">
            <button class="el-button el-button--danger myAccountLogout"
                    type="button"
            >
              <span>
                Logout
              </span>
            </button>
            <button class="el-button el-button--default myAccountEdit"
                    type="button"
                    tabindex="0"
            >
              <span>
                Edit
              </span>
            </button>
          </div>
        </div>
        <div class="el-divider el-divider--horizontal viewUserDivider">
        </div>
      </div>
    </div>
  </div>
</div>
`;

exports[`My Account - Save Edit (failure) 2`] = `
<div class="my_account">
  <h1 class="title">
    My Account
  </h1>
  <a class="el-link el-link--default unconfirmedEmailLink"
     href="/unconfirmed/email"
  >
    <span class="el-link--inner">
      <transition-stub class="narrow_content accountUnconfirmedAlertBar">
        <div class="el-alert el-alert--error is-light"
             role="alert"
        >
          <i class="el-alert__icon el-icon-error is-big">
          </i>
          <div class="el-alert__content">
            <span class="el-alert__title is-bold">
              Unconfirmed
            </span>
            <p class="el-alert__description">
              Please confirm you email address to access the full site.
            </p>
          </div>
        </div>
      </transition-stub>
    </span>
  </a>
  <div class="profileInfo">
    <div class="narrow_content">
      <div class="edit_item edit_item_small">
        <span class="editLabel Label">
          Name:
        </span>
        <div class="el-input editInput">
          <input class="el-input__inner"
                 rows="1"
                 type="text"
                 autocomplete="off"
          >
        </div>
        <br>
      </div>
      <div class="edit_item edit_item_small">
        <span class="editLabel Label">
          Email:
        </span>
        <div class="el-input editInput">
          <input class="el-input__inner"
                 rows="1"
                 type="text"
                 autocomplete="off"
          >
        </div>
        <br>
      </div>
      <div class="edit_item edit_item_large">
        <span class="editLabel Label">
          Bio:
        </span>
        <div class="el-textarea editInput">
          <textarea class="el-textarea__inner"
                    rows="1"
                    autocomplete="off"
                    style="min-height: -4px;"
          >
          </textarea>
        </div>
        <br>
      </div>
      <div class="myAccountButtonGroups">
        <button class="el-button el-button--primary myAccountSave"
                type="button"
        >
          <span>
            Save
          </span>
        </button>
        <button class="el-button el-button--default myAccountCancel"
                type="button"
        >
          <span>
            Cancel
          </span>
        </button>
      </div>
      <div class="myAccountDeletion">
        <button class="el-button el-button--danger myAccountDelete"
                type="button"
        >
          <span>
            Delete Account
          </span>
        </button>
      </div>
    </div>
  </div>
</div>
`;

exports[`My Account - Save Edit (failure) 3`] = `
<div class="my_account">
  <h1 class="title">
    My Account
  </h1>
  <a class="el-link el-link--default unconfirmedEmailLink"
     href="/unconfirmed/email"
  >
    <span class="el-link--inner">
      <transition-stub class="narrow_content accountUnconfirmedAlertBar">
        <div class="el-alert el-alert--error is-light"
             role="alert"
        >
          <i class="el-alert__icon el-icon-error is-big">
          </i>
          <div class="el-alert__content">
            <span class="el-alert__title is-bold">
              Unconfirmed
            </span>
            <p class="el-alert__description">
              Please confirm you email address to access the full site.
            </p>
          </div>
        </div>
      </transition-stub>
    </span>
  </a>
  <div class="profileInfo">
    <div class="narrow_content">
      <div class="edit_item edit_item_small">
        <span class="editLabel Label">
          Name:
        </span>
        <div class="el-input editInput">
          <input class="el-input__inner"
                 rows="1"
                 type="text"
                 autocomplete="off"
          >
        </div>
        <br>
      </div>
      <div class="edit_item edit_item_small">
        <span class="editLabel Label">
          Email:
        </span>
        <div class="el-input editInput">
          <input class="el-input__inner"
                 rows="1"
                 type="text"
                 autocomplete="off"
          >
        </div>
        <br>
      </div>
      <div class="edit_item edit_item_large">
        <span class="editLabel Label">
          Bio:
        </span>
        <div class="el-textarea editInput">
          <textarea class="el-textarea__inner"
                    rows="1"
                    autocomplete="off"
                    style="min-height: -4px;"
          >
          </textarea>
        </div>
        <br>
      </div>
      <div class="myAccountButtonGroups">
        <button class="el-button el-button--primary myAccountSave"
                type="button"
        >
          <span>
            Save
          </span>
        </button>
        <button class="el-button el-button--default myAccountCancel"
                type="button"
        >
          <span>
            Cancel
          </span>
        </button>
      </div>
      <div class="myAccountDeletion">
        <button class="el-button el-button--danger myAccountDelete"
                type="button"
        >
          <span>
            Delete Account
          </span>
        </button>
      </div>
    </div>
  </div>
</div>
`;

exports[`My Account - Save Edit (success) 1`] = `
<div class="my_account">
  <h1 class="title">
    My Account
  </h1>
  <a class="el-link el-link--default unconfirmedEmailLink"
     href="/unconfirmed/email"
  >
    <span class="el-link--inner">
    </span>
  </a>
  <div class="profileInfo">
    <div>
      <div class="view_user">
        <div class="userInfo narrow_content">
          <h2 class="userName">
          </h2>
          <div class="userInfoButtonGroups">
            <button class="el-button el-button--danger myAccountLogout"
                    type="button"
            >
              <span>
                Logout
              </span>
            </button>
            <button class="el-button el-button--default myAccountEdit"
                    type="button"
                    tabindex="0"
            >
              <span>
                Edit
              </span>
            </button>
          </div>
        </div>
        <div class="el-divider el-divider--horizontal viewUserDivider">
        </div>
      </div>
    </div>
  </div>
</div>
`;

exports[`My Account - Save Edit (success) 2`] = `
<div class="my_account">
  <h1 class="title">
    My Account
  </h1>
  <a class="el-link el-link--default unconfirmedEmailLink"
     href="/unconfirmed/email"
  >
    <span class="el-link--inner">
      <transition-stub class="narrow_content accountUnconfirmedAlertBar">
        <div class="el-alert el-alert--error is-light"
             role="alert"
        >
          <i class="el-alert__icon el-icon-error is-big">
          </i>
          <div class="el-alert__content">
            <span class="el-alert__title is-bold">
              Unconfirmed
            </span>
            <p class="el-alert__description">
              Please confirm you email address to access the full site.
            </p>
          </div>
        </div>
      </transition-stub>
    </span>
  </a>
  <div class="profileInfo">
    <div class="narrow_content">
      <div class="edit_item edit_item_small">
        <span class="editLabel Label">
          Name:
        </span>
        <div class="el-input editInput">
          <input class="el-input__inner"
                 rows="1"
                 type="text"
                 autocomplete="off"
          >
        </div>
        <br>
      </div>
      <div class="edit_item edit_item_small">
        <span class="editLabel Label">
          Email:
        </span>
        <div class="el-input editInput">
          <input class="el-input__inner"
                 rows="1"
                 type="text"
                 autocomplete="off"
          >
        </div>
        <br>
      </div>
      <div class="edit_item edit_item_large">
        <span class="editLabel Label">
          Bio:
        </span>
        <div class="el-textarea editInput">
          <textarea class="el-textarea__inner"
                    rows="1"
                    autocomplete="off"
                    style="min-height: -4px;"
          >
          </textarea>
        </div>
        <br>
      </div>
      <div class="myAccountButtonGroups">
        <button class="el-button el-button--primary myAccountSave"
                type="button"
        >
          <span>
            Save
          </span>
        </button>
        <button class="el-button el-button--default myAccountCancel"
                type="button"
        >
          <span>
            Cancel
          </span>
        </button>
      </div>
      <div class="myAccountDeletion">
        <button class="el-button el-button--danger myAccountDelete"
                type="button"
        >
          <span>
            Delete Account
          </span>
        </button>
      </div>
    </div>
  </div>
</div>
`;

exports[`My Account - Save Edit (success) 3`] = `
<div class="my_account">
  <h1 class="title">
    My Account
  </h1>
  <a class="el-link el-link--default unconfirmedEmailLink"
     href="/unconfirmed/email"
  >
    <span class="el-link--inner">
      <transition-stub class="narrow_content accountUnconfirmedAlertBar">
        <div class="el-alert el-alert--error is-light"
             role="alert"
        >
          <i class="el-alert__icon el-icon-error is-big">
          </i>
          <div class="el-alert__content">
            <span class="el-alert__title is-bold">
              Unconfirmed
            </span>
            <p class="el-alert__description">
              Please confirm you email address to access the full site.
            </p>
          </div>
        </div>
      </transition-stub>
    </span>
  </a>
  <div class="profileInfo">
    <div>
      <div class="view_user">
        <div class="userInfo narrow_content">
          <h2 class="userName">
            MyAccount Test User
          </h2>
          <div class="userInfoButtonGroups">
            <button class="el-button el-button--danger myAccountLogout"
                    type="button"
            >
              <span>
                Logout
              </span>
            </button>
            <button class="el-button el-button--default myAccountEdit"
                    type="button"
                    tabindex="0"
            >
              <span>
                Edit
              </span>
            </button>
          </div>
        </div>
        <div class="el-divider el-divider--horizontal viewUserDivider">
        </div>
        <div class="viewUserTrips">
          <h2>
            Trips
          </h2>
          <div class="trip_preview_card">
            <a class="tripLink"
               href="/trip/view/-1"
            >
              <div class="n-card n-card--bordered n-card--hoverable tripPreviewCard"
                   style="--n-bezier: cubic-bezier(.4, 0, .2, 1); --n-border-radius: 3px; --n-color: #fff; --n-color-modal: #fff; --n-color-popover: #fff; --n-color-target: #18a058; --n-text-color: rgb(51, 54, 57); --n-line-height: 1.6; --n-action-color: rgb(250, 250, 252); --n-title-text-color: rgb(31, 34, 37); --n-title-font-weight: 500; --n-close-color: rgba(122, 122, 122, 1); --n-close-color-hover: rgba(89, 89, 89, 1); --n-close-color-pressed: rgba(149, 149, 149, 1); --n-border-color: rgb(239, 239, 245); --n-box-shadow: 0 1px 2px -2px rgba(0, 0, 0, .08), 0 3px 6px 0 rgba(0, 0, 0, .06), 0 5px 12px 4px rgba(0, 0, 0, .04); --n-padding-top: 19px; --n-padding-bottom: 20px; --n-padding-left: 24px; --n-font-size: 14px; --n-title-font-size: 18px; --n-close-size: 18px;"
              >
                <div class="n-card__content"
                     style="padding: 0px;"
                     role="none"
                >
                  <h3 class="tripTitleName">
                  </h3>
                  <div role="separator"
                       class="n-divider n-divider--no-title"
                       style="--n-bezier: cubic-bezier(.4, 0, .2, 1); --n-color: rgb(239, 239, 245); --n-text-color: rgb(31, 34, 37); --n-font-weight: 500;"
                  >
                    <div class="n-divider__line n-divider__line--left">
                    </div>
                  </div>
                  <div class="tripPreviewInfo">
                    <p>
                      <a class="tripPreviewUserProfileLink"
                         href="/user/-1"
                         type="primary"
                      >
                      </a>
                    </p>
                    <div class="cityTags">
                    </div>
                    <p>
                      Last Updated: Mon Jan 03 2022
                    </p>
                  </div>
                  <div class="endOfCardPadding">
                  </div>
                </div>
              </div>
            </a>
          </div>
        </div>
      </div>
    </div>
  </div>
</div>
`;
